
SN 68k version 2.53


Assembly completed.
0 error(s) from 78600 lines in 6.23 seconds
